
  .   ____          _            __ _ _
 /\\ / ___'_ __ _ _(_)_ __  __ _ \ \ \ \
( ( )\___ | '_ | '_| | '_ \/ _` | \ \ \ \
 \\/  ___)| |_)| | | | | || (_| |  ) ) ) )
  '  |____| .__|_| |_|_| |_\__, | / / / /
 =========|_|==============|___/=/_/_/_/

 :: Spring Boot ::                (v3.4.1)

2026-05-22T01:46:48.632+02:00  INFO 28528 --- [           main] com.analyzer.AnalyzerApplication         : Starting AnalyzerApplication using Java 21.0.9 with PID 28528 (C:\Users\vanii\code-quality-analyzer\backend\target\classes started by vanii in C:\Users\vanii\code-quality-analyzer\backend)
2026-05-22T01:46:48.638+02:00  INFO 28528 --- [           main] com.analyzer.AnalyzerApplication         : No active profile set, falling back to 1 default profile: "default"
2026-05-22T01:46:49.553+02:00  INFO 28528 --- [           main] .s.d.r.c.RepositoryConfigurationDelegate : Bootstrapping Spring Data JPA repositories in DEFAULT mode.
2026-05-22T01:46:49.655+02:00  INFO 28528 --- [           main] .s.d.r.c.RepositoryConfigurationDelegate : Finished Spring Data repository scanning in 88 ms. Found 4 JPA repository interfaces.
2026-05-22T01:46:50.470+02:00  INFO 28528 --- [           main] o.s.b.w.embedded.tomcat.TomcatWebServer  : Tomcat initialized with port 8080 (http)
2026-05-22T01:46:50.491+02:00  INFO 28528 --- [           main] o.apache.catalina.core.StandardService   : Starting service [Tomcat]
2026-05-22T01:46:50.491+02:00  INFO 28528 --- [           main] o.apache.catalina.core.StandardEngine    : Starting Servlet engine: [Apache Tomcat/10.1.34]
2026-05-22T01:46:50.595+02:00  INFO 28528 --- [           main] o.a.c.c.C.[Tomcat].[localhost].[/]       : Initializing Spring embedded WebApplicationContext
2026-05-22T01:46:50.597+02:00  INFO 28528 --- [           main] w.s.c.ServletWebServerApplicationContext : Root WebApplicationContext: initialization completed in 1889 ms
2026-05-22T01:46:50.810+02:00  INFO 28528 --- [           main] o.hibernate.jpa.internal.util.LogHelper  : HHH000204: Processing PersistenceUnitInfo [name: default]
2026-05-22T01:46:50.897+02:00  INFO 28528 --- [           main] org.hibernate.Version                    : HHH000412: Hibernate ORM core version 6.6.4.Final
2026-05-22T01:46:50.943+02:00  INFO 28528 --- [           main] o.h.c.internal.RegionFactoryInitiator    : HHH000026: Second-level cache disabled
2026-05-22T01:46:51.312+02:00  INFO 28528 --- [           main] o.s.o.j.p.SpringPersistenceUnitInfo      : No LoadTimeWeaver setup: ignoring JPA class transformer
2026-05-22T01:46:51.351+02:00  INFO 28528 --- [           main] com.zaxxer.hikari.HikariDataSource       : HikariPool-1 - Starting...
2026-05-22T01:46:51.636+02:00  INFO 28528 --- [           main] com.zaxxer.hikari.pool.HikariPool        : HikariPool-1 - Added connection org.postgresql.jdbc.PgConnection@7e2bc2f4
2026-05-22T01:46:51.639+02:00  INFO 28528 --- [           main] com.zaxxer.hikari.HikariDataSource       : HikariPool-1 - Start completed.
2026-05-22T01:46:51.744+02:00  INFO 28528 --- [           main] org.hibernate.orm.connections.pooling    : HHH10001005: Database info:
	Database JDBC URL [Connecting through datasource 'HikariDataSource (HikariPool-1)']
	Database driver: undefined/unknown
	Database version: 15.18
	Autocommit mode: undefined/unknown
	Isolation level: undefined/unknown
	Minimum pool size: undefined/unknown
	Maximum pool size: undefined/unknown
2026-05-22T01:46:53.046+02:00  INFO 28528 --- [           main] o.h.e.t.j.p.i.JtaPlatformInitiator       : HHH000489: No JTA platform available (set 'hibernate.transaction.jta.platform' to enable JTA platform integration)
2026-05-22T01:46:53.178+02:00  WARN 28528 --- [           main] o.h.engine.jdbc.spi.SqlExceptionHelper   : SQL Warning Code: 0, SQLState: 00000
2026-05-22T01:46:53.179+02:00  WARN 28528 --- [           main] o.h.engine.jdbc.spi.SqlExceptionHelper   : constraint "uk4a82dvht34mynsoixa0puudw" of relation "project_metrics" does not exist, skipping
2026-05-22T01:46:53.198+02:00  INFO 28528 --- [           main] j.LocalContainerEntityManagerFactoryBean : Initialized JPA EntityManagerFactory for persistence unit 'default'
2026-05-22T01:46:54.198+02:00  INFO 28528 --- [           main] o.s.b.w.embedded.tomcat.TomcatWebServer  : Tomcat started on port 8080 (http) with context path '/'
2026-05-22T01:46:54.207+02:00  INFO 28528 --- [           main] com.analyzer.AnalyzerApplication         : Started AnalyzerApplication in 6.228 seconds (process running for 6.765)
2026-05-22T01:46:55.008+02:00  INFO 28528 --- [nio-8080-exec-1] o.a.c.c.C.[Tomcat].[localhost].[/]       : Initializing Spring DispatcherServlet 'dispatcherServlet'
2026-05-22T01:46:55.008+02:00  INFO 28528 --- [nio-8080-exec-1] o.s.web.servlet.DispatcherServlet        : Initializing Servlet 'dispatcherServlet'
2026-05-22T01:46:55.008+02:00  INFO 28528 --- [nio-8080-exec-1] o.s.web.servlet.DispatcherServlet        : Completed initialization in 0 ms
2026-05-22T01:47:22.383+02:00  INFO 28528 --- [         task-1] com.analyzer.analyzer.AnalyzerEngine     : Analyzed C:\Users\vanii\analyzer-test-repos\spring-petclinic: 42 files, MI=100.0
2026-05-22T07:50:47.749+02:00  WARN 28528 --- [l-1 housekeeper] com.zaxxer.hikari.pool.HikariPool        : HikariPool-1 - Thread starvation or clock leap detected (housekeeper delta=6h25s935ms293µs600ns).
2026-05-22T08:16:59.904+02:00  WARN 28528 --- [l-1 housekeeper] com.zaxxer.hikari.pool.HikariPool        : HikariPool-1 - Thread starvation or clock leap detected (housekeeper delta=26m20s439ms542µs700ns).
2026-05-22T08:34:26.102+02:00  WARN 28528 --- [l-1 housekeeper] com.zaxxer.hikari.pool.HikariPool        : HikariPool-1 - Thread starvation or clock leap detected (housekeeper delta=4m25s987ms911µs200ns).
2026-05-22T08:53:36.222+02:00  INFO 28528 --- [         task-2] com.analyzer.analyzer.AnalyzerEngine     : Analyzed C:\Users\vanii\analyzer-test-repos\spring-petclinic: 42 files, MI=100.0
2026-05-22T08:54:31.478+02:00  INFO 28528 --- [         task-3] com.analyzer.analyzer.AnalyzerEngine     : Analyzed C:\Users\vanii\analyzer-test-repos\spring-petclinic: 42 files, MI=100.0
2026-05-22T17:16:29.773+02:00  WARN 28528 --- [l-1 housekeeper] com.zaxxer.hikari.pool.HikariPool        : HikariPool-1 - Thread starvation or clock leap detected (housekeeper delta=8h21m11s294ms658µs300ns).
2026-05-22T17:18:58.389+02:00  INFO 28528 --- [         task-4] com.analyzer.analyzer.AnalyzerEngine     : Analyzed C:\Users\vanii\analyzer-test-repos\spring-petclinic: 42 files, MI=100.0
2026-05-22T17:54:07.955+02:00  WARN 28528 --- [l-1 housekeeper] com.zaxxer.hikari.pool.HikariPool        : HikariPool-1 - Thread starvation or clock leap detected (housekeeper delta=8m8s787ms992µs700ns).
2026-05-22T20:59:06.431+02:00  WARN 28528 --- [l-1 housekeeper] com.zaxxer.hikari.pool.HikariPool        : HikariPool-1 - Thread starvation or clock leap detected (housekeeper delta=3h4m58s476ms856µs).
2026-05-23T04:14:24.036+02:00  WARN 28528 --- [l-1 housekeeper] com.zaxxer.hikari.pool.HikariPool        : HikariPool-1 - Thread starvation or clock leap detected (housekeeper delta=6h46s647ms496µs700ns).
2026-05-23T17:58:07.769+02:00  WARN 28528 --- [l-1 housekeeper] com.zaxxer.hikari.pool.HikariPool        : HikariPool-1 - Thread starvation or clock leap detected (housekeeper delta=13h43m50s45ms243µs800ns).
2026-05-23T19:33:34.042+02:00  WARN 28528 --- [l-1 housekeeper] com.zaxxer.hikari.pool.HikariPool        : HikariPool-1 - Thread starvation or clock leap detected (housekeeper delta=51s891ms152µs800ns).
2026-05-24T00:33:15.376+02:00  WARN 28528 --- [l-1 housekeeper] com.zaxxer.hikari.pool.HikariPool        : HikariPool-1 - Thread starvation or clock leap detected (housekeeper delta=3h55m10s521ms539µs300ns).
